<?xml version="1.0" encoding="utf-8"?><testsuites><testsuite name="pytest" errors="0" failures="0" skipped="0" tests="0" time="0.037" timestamp="2022-06-07T13:16:54.589518" hostname="DESKTOP-U7KHIFS" /></testsuites>